14:36:55  ================================================================================
14:36:55  GAN Adversarial Training — FeatureMLP Feature Space
14:36:55  Reference : AlEroud & Karabatis, IWSPA '20
14:36:55  Device    : cuda
14:36:55  Output    : C:\Users\nithi\Documents\Phishing_Detection\binary_phishing_adv_gan
14:36:55  ================================================================================
14:36:55  
[1/7] Loading + verifying phishphresh chunks...
14:36:55    Train chunks      : 50
14:36:55    Test chunks       : 17
14:36:55    Train complete    : True
14:36:55    Test complete     : True
14:36:55    Chunk keys        : ['features', 'char_ids', 'targets']
14:36:55    features shape    : (10000, 67)  (per chunk)
14:36:55    char_ids shape    : (10000, 256)  (per chunk)
14:36:55    targets sample    : ['', '', '', '', '']
14:36:56  
  ── Dataset stats ──────────────────────────────────────────
14:36:56    Total samples     : 666,315
14:36:56    Benign (0)        : 367,904  (55.2%)
14:36:56    Phishing (1)      : 298,411  (44.8%)
14:36:56    Feature dim       : 67
14:36:56    Binary dim (2-bit): 134
14:36:56    ───────────────────────────────────────────────────────────
14:36:56  
[2/7] 80/20 split (RANDOM_STATE=42)...
14:36:56    Train : 533,052  (benign=294,323  phishing=238,729)
14:36:56    Test  : 133,263  (benign=73,581  phishing=59,682)
14:36:56    Scaler saved → C:\Users\nithi\Documents\Phishing_Detection\binary_phishing_adv_gan\models\pd_scaler.pkl
14:36:56  
[3/7] Training FeatureMLP PD (20 epochs)...
14:36:56    Architecture : 67 → [256, 128, 64] → 2
14:36:56    This IS the Phishing Detector the GAN will try to fool.
14:37:14    Epoch  5/20  test_acc=94.61%
14:37:30    Epoch 10/20  test_acc=95.08%
14:37:46    Epoch 15/20  test_acc=95.21%
14:38:03    Epoch 20/20  test_acc=95.43%
14:38:03    Best PD accuracy : 95.52%
14:38:03    PD saved → C:\Users\nithi\Documents\Phishing_Detection\binary_phishing_adv_gan\models\feature_mlp_pd.pth
14:38:03  
[4/7] Binarizing features (AlEroud 2-bit encoding)...
14:38:04    Phishing binary  : (238729, 134)
14:38:04    Benign binary    : (294323, 134)
14:38:04    Encoding: val<=Q1 → 11 (malicious) | Q1<val<=Med → 01 (suspicious) | else → 00 (benign)
14:38:04  
[5/7] Training GAN (100 epochs)...
14:38:04    G : input (134+64) → 3×120 ReLU → 134 sigmoid
14:38:04    D : 134 → 2×120 ReLU → 1 sigmoid  (approximates PD)
14:38:04    PD: FeatureMLP (67→[256, 128, 64]→2)  ← the blackbox we are fooling
14:38:04    Batch=512  LR=0.0001  noise_dim=64
14:38:06    [GAN] Epoch   1/100  loss_G=0.2475  loss_D=0.6821
14:38:27    [GAN] Epoch  10/100  loss_G=0.0000  loss_D=0.0469
14:38:50    [GAN] Epoch  20/100  loss_G=0.0000  loss_D=0.0270
14:39:13    [GAN] Epoch  30/100  loss_G=0.0000  loss_D=0.0188
14:39:36    [GAN] Epoch  40/100  loss_G=0.0000  loss_D=0.0152
14:39:59    [GAN] Epoch  50/100  loss_G=0.0000  loss_D=0.0125
14:40:22    [GAN] Epoch  60/100  loss_G=0.0000  loss_D=0.0108
14:40:45    [GAN] Epoch  70/100  loss_G=0.0000  loss_D=0.0094
14:41:08    [GAN] Epoch  80/100  loss_G=0.0000  loss_D=0.0082
14:41:31    [GAN] Epoch  90/100  loss_G=0.0000  loss_D=0.0079
14:41:53    [GAN] Epoch 100/100  loss_G=0.0000  loss_D=0.0076
14:41:53    GAN Generator saved → C:\Users\nithi\Documents\Phishing_Detection\binary_phishing_adv_gan\models\gan_generator.pth
14:41:53    GAN loss log       → C:\Users\nithi\Documents\Phishing_Detection\binary_phishing_adv_gan\logs\gan_training_loss.csv
14:41:53  
[6/7] Generating adversarial feature vectors (all phishing training samples)...
14:41:54    Generated 238,729 adversarial feature vectors
14:41:54  
[7/7] Evaluating evasion — how well does PD detect adversarial vectors?
14:41:54    PD detection rate on ORIGINAL phishing (test)  : 94.40%
14:41:54    PD detection rate on ADVERSARIAL phishing (GAN): 0.00%
14:41:54    Evasion rate (fooled PD)                        : 100.00%
14:41:54    → Higher evasion = GAN is working as expected
14:41:54  
  Confusion Matrix (adversarial vectors vs FeatureMLP PD):
14:41:54                   Pred Benign  Pred Phishing
14:41:54    True Phishing      238,729              0
14:41:54    → 238,729 adversarial phishing examples evaded the FeatureMLP PD
14:41:54  
  Evasion report → C:\Users\nithi\Documents\Phishing_Detection\binary_phishing_adv_gan\logs\pd_evasion_report.txt
14:41:58    Adversarial dataset → C:\Users\nithi\Documents\Phishing_Detection\binary_phishing_adv_gan\logs\adversarial_dataset.csv
14:41:58    Shape: (238729, 68)  (reusable for multiclass training)
14:41:58  
================================================================================
14:41:58  SUMMARY
14:41:58  ================================================================================
14:41:58    PD (FeatureMLP) accuracy            : 95.52%
14:41:58    PD detection BEFORE GAN attack      : 94.40%
14:41:58    PD detection AFTER  GAN attack      : 0.00%
14:41:58    Evasion rate                        : 100.00%
14:41:58    Adversarial dataset saved           : C:\Users\nithi\Documents\Phishing_Detection\binary_phishing_adv_gan\logs\adversarial_dataset.csv
14:41:58    → Next: retrain URLPhishNet with adversarial vectors (close the gap)
14:41:58  ================================================================================
14:41:58  Done.
13:45:53  ================================================================================
13:45:53  GAN Adversarial Training — FeatureMLP Feature Space
13:45:53  Reference : AlEroud & Karabatis, IWSPA '20
13:45:53  Device    : cuda
13:45:53  Output    : C:\Users\nithi\Documents\Phishing_Detection\binary_phishing_adv_gan
13:45:53  ================================================================================
13:45:53  
[1/7] Loading + verifying phishphresh chunks...
13:45:53    Train chunks      : 50
13:45:53    Test chunks       : 17
13:45:53    Train complete    : True
13:45:53    Test complete     : True
13:45:53    Chunk keys        : ['features', 'char_ids', 'targets']
13:45:53    features shape    : (10000, 67)  (per chunk)
13:45:53    char_ids shape    : (10000, 256)  (per chunk)
13:45:53    targets sample    : ['', '', '', '', '']
13:45:54  
  ── Dataset stats ──────────────────────────────────────────
13:45:54    Total samples     : 666,315
13:45:54    Benign (0)        : 367,904  (55.2%)
13:45:54    Phishing (1)      : 298,411  (44.8%)
13:45:54    Feature dim       : 67
13:45:54    Binary dim (2-bit): 134
13:45:54    ───────────────────────────────────────────────────────────
13:45:54  
[2/7] 80/20 split (RANDOM_STATE=42)...
13:45:54    Train : 533,052  (benign=294,323  phishing=238,729)
13:45:54    Test  : 133,263  (benign=73,581  phishing=59,682)
13:45:54    Scaler saved → C:\Users\nithi\Documents\Phishing_Detection\binary_phishing_adv_gan\models\pd_scaler.pkl
13:45:54  
[3/7] Training FeatureMLP PD (20 epochs)...
13:45:54    Architecture : 67 → [256, 128, 64] → 2
13:45:54    This IS the Phishing Detector the GAN will try to fool.
13:46:12    Epoch  5/20  test_acc=94.59%
13:46:29    Epoch 10/20  test_acc=95.05%
13:46:47    Epoch 15/20  test_acc=95.20%
13:47:03    Epoch 20/20  test_acc=95.39%
13:47:03    Best PD accuracy : 95.42%
13:47:03    PD saved → C:\Users\nithi\Documents\Phishing_Detection\binary_phishing_adv_gan\models\feature_mlp_pd.pth
13:47:03  
[4/7] Binarizing features (AlEroud 2-bit encoding)...
13:47:03    Phishing binary  : (238729, 134)
13:47:03    Benign binary    : (294323, 134)
13:47:03    Encoding: val<=Q1 → 11 (malicious) | Q1<val<=Med → 01 (suspicious) | else → 00 (benign)
13:47:03  
[5/7] Training GAN (100 epochs)...
13:47:03    G : input (134+64) → 3×120 ReLU → 134 sigmoid
13:47:03    D : 134 → 2×120 ReLU → 1 sigmoid  (approximates PD)
13:47:03    PD: FeatureMLP (67→[256, 128, 64]→2)  ← the blackbox we are fooling
13:47:03    Batch=512  LR=0.0001  noise_dim=64
13:47:06    [GAN] Epoch   1/100  loss_G=0.2557  loss_D=0.7730
13:47:26    [GAN] Epoch  10/100  loss_G=0.0000  loss_D=0.0267
13:47:50    [GAN] Epoch  20/100  loss_G=0.0000  loss_D=0.0139
13:48:13    [GAN] Epoch  30/100  loss_G=0.0000  loss_D=0.0090
13:48:36    [GAN] Epoch  40/100  loss_G=0.0000  loss_D=0.0068
13:48:58    [GAN] Epoch  50/100  loss_G=0.0000  loss_D=0.0051
13:49:21    [GAN] Epoch  60/100  loss_G=0.0000  loss_D=0.0046
13:49:43    [GAN] Epoch  70/100  loss_G=0.0000  loss_D=0.0038
13:50:06    [GAN] Epoch  80/100  loss_G=0.0000  loss_D=0.0034
13:50:29    [GAN] Epoch  90/100  loss_G=0.0000  loss_D=0.0032
13:50:40  ================================================================================
13:50:40  GAN Adversarial Training — FeatureMLP Feature Space
13:50:40  Reference : AlEroud & Karabatis, IWSPA '20
13:50:40  Device    : cuda
13:50:40  Output    : C:\Users\nithi\Documents\Phishing_Detection\binary_phishing_adv_gan
13:50:40  ================================================================================
13:50:40  
[1/7] Loading + verifying phishphresh chunks...
13:50:40    Train chunks      : 50
13:50:40    Test chunks       : 17
13:50:40    Train complete    : True
13:50:40    Test complete     : True
13:50:40    Chunk keys        : ['features', 'char_ids', 'targets']
13:50:40    features shape    : (10000, 67)  (per chunk)
13:50:40    char_ids shape    : (10000, 256)  (per chunk)
13:50:40    targets sample    : ['', '', '', '', '']
13:50:40  
  ── Dataset stats ──────────────────────────────────────────
13:50:40    Total samples     : 666,315
13:50:40    Benign (0)        : 367,904  (55.2%)
13:50:40    Phishing (1)      : 298,411  (44.8%)
13:50:40    Feature dim       : 67
13:50:40    Binary dim (2-bit): 134
13:50:40    ───────────────────────────────────────────────────────────
13:50:40  
[2/7] 80/20 split (RANDOM_STATE=42)...
13:50:40    Train : 533,052  (benign=294,323  phishing=238,729)
13:50:40    Test  : 133,263  (benign=73,581  phishing=59,682)
13:50:41    Scaler saved → C:\Users\nithi\Documents\Phishing_Detection\binary_phishing_adv_gan\models\pd_scaler.pkl
13:50:41  
[3/7] Training FeatureMLP PD (20 epochs)...
13:50:41    Architecture : 67 → [256, 128, 64] → 2
13:50:41    This IS the Phishing Detector the GAN will try to fool.
13:50:55    [GAN] Epoch 100/100  loss_G=0.0000  loss_D=0.0027
13:50:55    GAN Generator saved → C:\Users\nithi\Documents\Phishing_Detection\binary_phishing_adv_gan\models\gan_generator.pth
13:50:55    GAN loss log       → C:\Users\nithi\Documents\Phishing_Detection\binary_phishing_adv_gan\logs\gan_training_loss.csv
13:50:55  
[6/7] Generating adversarial feature vectors (all phishing training samples)...
13:50:55    Generated 238,729 adversarial feature vectors
13:50:55  
[7/7] Evaluating evasion — how well does PD detect adversarial vectors?
13:50:55    PD detection rate on ORIGINAL phishing (test)  : 94.29%
13:50:55    PD detection rate on ADVERSARIAL phishing (GAN): 0.00%
13:50:55    Evasion rate (fooled PD)                        : 100.00%
13:50:55    → Higher evasion = GAN is working as expected
13:50:55  
  Confusion Matrix (adversarial vectors vs FeatureMLP PD):
13:50:55                   Pred Benign  Pred Phishing
13:50:55    True Phishing      238,729              0
13:50:55    → 238,729 adversarial phishing examples evaded the FeatureMLP PD
13:50:55  
  Evasion report → C:\Users\nithi\Documents\Phishing_Detection\binary_phishing_adv_gan\logs\pd_evasion_report.txt
13:50:59    Epoch  5/20  test_acc=94.56%
13:51:00    Adversarial dataset → C:\Users\nithi\Documents\Phishing_Detection\binary_phishing_adv_gan\logs\adversarial_dataset.csv
13:51:00    Shape: (238729, 68)  (reusable for multiclass training)
13:51:00  
================================================================================
13:51:00  SUMMARY
13:51:00  ================================================================================
13:51:00    PD (FeatureMLP) accuracy            : 95.42%
13:51:00    PD detection BEFORE GAN attack      : 94.29%
13:51:00    PD detection AFTER  GAN attack      : 0.00%
13:51:00    Evasion rate                        : 100.00%
13:51:00    Adversarial dataset saved           : C:\Users\nithi\Documents\Phishing_Detection\binary_phishing_adv_gan\logs\adversarial_dataset.csv
13:51:00    → Next: retrain URLPhishNet with adversarial vectors (close the gap)
13:51:00  ================================================================================
13:51:00  Done.
13:51:15    Epoch 10/20  test_acc=95.01%
13:51:32    Epoch 15/20  test_acc=95.30%
13:51:48    Epoch 20/20  test_acc=95.43%
13:51:48    Best PD accuracy : 95.44%
13:51:48    PD saved → C:\Users\nithi\Documents\Phishing_Detection\binary_phishing_adv_gan\models\feature_mlp_pd.pth
13:51:48  
[4/7] Binarizing features (AlEroud 2-bit encoding)...
13:51:49    Phishing binary  : (238729, 134)
13:51:49    Benign binary    : (294323, 134)
13:51:49    Encoding: val<=Q1 → 11 (malicious) | Q1<val<=Med → 01 (suspicious) | else → 00 (benign)
13:51:49  
[5/7] Training GAN (100 epochs)...
13:51:49    G : input (134+64) → 3×120 ReLU → 134 sigmoid
13:51:49    D : 134 → 2×120 ReLU → 1 sigmoid  (approximates PD)
13:51:49    PD: FeatureMLP (67→[256, 128, 64]→2)  ← the blackbox we are fooling
13:51:49    Batch=512  LR=0.0001  noise_dim=64
13:51:51    [GAN] Epoch   1/100  G_reward=-0.2074  D_loss=0.6937  (paper-style: G_reward negative, converges toward 0)
13:52:13    [GAN] Epoch  10/100  G_reward=-0.0000  D_loss=0.0254  (paper-style: G_reward negative, converges toward 0)
13:52:38    [GAN] Epoch  20/100  G_reward=-0.0000  D_loss=0.0124  (paper-style: G_reward negative, converges toward 0)
13:53:02    [GAN] Epoch  30/100  G_reward=-0.0000  D_loss=0.0089  (paper-style: G_reward negative, converges toward 0)
13:53:26    [GAN] Epoch  40/100  G_reward=-0.0000  D_loss=0.0066  (paper-style: G_reward negative, converges toward 0)
13:53:50    [GAN] Epoch  50/100  G_reward=-0.0000  D_loss=0.0055  (paper-style: G_reward negative, converges toward 0)
13:54:14    [GAN] Epoch  60/100  G_reward=-0.0000  D_loss=0.0045  (paper-style: G_reward negative, converges toward 0)
13:54:38    [GAN] Epoch  70/100  G_reward=-0.0000  D_loss=0.0037  (paper-style: G_reward negative, converges toward 0)
13:55:03    [GAN] Epoch  80/100  G_reward=-0.0000  D_loss=0.0034  (paper-style: G_reward negative, converges toward 0)
13:55:27    [GAN] Epoch  90/100  G_reward=-0.0000  D_loss=0.0032  (paper-style: G_reward negative, converges toward 0)
13:55:52    [GAN] Epoch 100/100  G_reward=-0.0000  D_loss=0.0029  (paper-style: G_reward negative, converges toward 0)
13:55:52    GAN Generator saved → C:\Users\nithi\Documents\Phishing_Detection\binary_phishing_adv_gan\models\gan_generator.pth
13:55:52    GAN loss log       → C:\Users\nithi\Documents\Phishing_Detection\binary_phishing_adv_gan\logs\gan_training_loss.csv
13:55:52  
[6/7] Generating adversarial feature vectors (all phishing training samples)...
13:55:52    Generated 238,729 adversarial feature vectors
13:55:52  
[7/7] Evaluating evasion — how well does PD detect adversarial vectors?
13:55:53    PD detection rate on ORIGINAL phishing (test)  : 94.11%
13:55:53    PD detection rate on ADVERSARIAL phishing (GAN): 0.00%
13:55:53    Evasion rate (fooled PD)                        : 100.00%
13:55:53    → Higher evasion = GAN is working as expected
13:55:53  
  Confusion Matrix (adversarial vectors vs FeatureMLP PD):
13:55:53                   Pred Benign  Pred Phishing
13:55:53    True Phishing      238,729              0
13:55:53    → 238,729 adversarial phishing examples evaded the FeatureMLP PD
13:55:53  
  Evasion report → C:\Users\nithi\Documents\Phishing_Detection\binary_phishing_adv_gan\logs\pd_evasion_report.txt
13:55:57    Adversarial dataset → C:\Users\nithi\Documents\Phishing_Detection\binary_phishing_adv_gan\logs\adversarial_dataset.csv
13:55:57    Shape: (238729, 68)  (reusable for multiclass training)
13:55:57  
================================================================================
13:55:57  SUMMARY
13:55:57  ================================================================================
13:55:57    PD (FeatureMLP) accuracy            : 95.44%
13:55:57    PD detection BEFORE GAN attack      : 94.11%
13:55:57    PD detection AFTER  GAN attack      : 0.00%
13:55:57    Evasion rate                        : 100.00%
13:55:57    Adversarial dataset saved           : C:\Users\nithi\Documents\Phishing_Detection\binary_phishing_adv_gan\logs\adversarial_dataset.csv
13:55:57    → Next: retrain URLPhishNet with adversarial vectors (close the gap)
13:55:57  ================================================================================
13:55:57  Done.
